[INFO] Scanning for projects...
[INFO] 
[INFO] -------------------------< site.meowcat:Texit >-------------------------
[INFO] Building Texit 0.0.1-SNAPSHOT
[INFO]   from pom.xml
[INFO] --------------------------------[ jar ]---------------------------------
[INFO] 
[INFO] >>> spring-boot:3.4.2:run (default-cli) > test-compile @ Texit >>>
[INFO] 
[INFO] --- resources:3.3.1:resources (default-resources) @ Texit ---
[INFO] Copying 1 resource from src/main/resources to target/classes
[INFO] Copying 3 resources from src/main/resources to target/classes
[INFO] 
[INFO] --- compiler:3.13.0:compile (default-compile) @ Texit ---
[INFO] Nothing to compile - all classes are up to date.
[INFO] 
[INFO] --- resources:3.3.1:testResources (default-testResources) @ Texit ---
[INFO] skip non existing resourceDirectory /home/deck/IdeaProjects/Texit/src/test/resources
[INFO] 
[INFO] --- compiler:3.13.0:testCompile (default-testCompile) @ Texit ---
[INFO] Nothing to compile - all classes are up to date.
[INFO] 
[INFO] <<< spring-boot:3.4.2:run (default-cli) < test-compile @ Texit <<<
[INFO] 
[INFO] 
[INFO] --- spring-boot:3.4.2:run (default-cli) @ Texit ---
[INFO] Attaching agents: []

  .   ____          _            __ _ _
 /\\ / ___'_ __ _ _(_)_ __  __ _ \ \ \ \
( ( )\___ | '_ | '_| | '_ \/ _` | \ \ \ \
 \\/  ___)| |_)| | | | | || (_| |  ) ) ) )
  '  |____| .__|_| |_|_| |_\__, | / / / /
 =========|_|==============|___/=/_/_/_/

 :: Spring Boot ::                (v3.4.2)

2026-02-26T09:24:39.510Z  INFO 1304201 --- [Texit] [           main] site.meowcat.texit.TexitApplication      : Starting TexitApplication using Java 21.0.10 with PID 1304201 (/home/deck/IdeaProjects/Texit/target/classes started by deck in /home/deck/IdeaProjects/Texit)
2026-02-26T09:24:39.515Z  INFO 1304201 --- [Texit] [           main] site.meowcat.texit.TexitApplication      : No active profile set, falling back to 1 default profile: "default"
2026-02-26T09:24:40.437Z  INFO 1304201 --- [Texit] [           main] .s.d.r.c.RepositoryConfigurationDelegate : Bootstrapping Spring Data JPA repositories in DEFAULT mode.
2026-02-26T09:24:40.506Z  INFO 1304201 --- [Texit] [           main] .s.d.r.c.RepositoryConfigurationDelegate : Finished Spring Data repository scanning in 57 ms. Found 4 JPA repository interfaces.
2026-02-26T09:24:41.222Z  INFO 1304201 --- [Texit] [           main] o.s.b.w.embedded.tomcat.TomcatWebServer  : Tomcat initialized with port 8000 (http)
2026-02-26T09:24:41.241Z  INFO 1304201 --- [Texit] [           main] o.apache.catalina.core.StandardService   : Starting service [Tomcat]
2026-02-26T09:24:41.241Z  INFO 1304201 --- [Texit] [           main] o.apache.catalina.core.StandardEngine    : Starting Servlet engine: [Apache Tomcat/10.1.34]
2026-02-26T09:24:41.303Z  INFO 1304201 --- [Texit] [           main] o.a.c.c.C.[Tomcat].[localhost].[/]       : Initializing Spring embedded WebApplicationContext
2026-02-26T09:24:41.305Z  INFO 1304201 --- [Texit] [           main] w.s.c.ServletWebServerApplicationContext : Root WebApplicationContext: initialization completed in 1725 ms
2026-02-26T09:24:41.497Z  INFO 1304201 --- [Texit] [           main] o.hibernate.jpa.internal.util.LogHelper  : HHH000204: Processing PersistenceUnitInfo [name: default]
2026-02-26T09:24:41.548Z  INFO 1304201 --- [Texit] [           main] org.hibernate.Version                    : HHH000412: Hibernate ORM core version 6.6.5.Final
2026-02-26T09:24:41.581Z  INFO 1304201 --- [Texit] [           main] o.h.c.internal.RegionFactoryInitiator    : HHH000026: Second-level cache disabled
2026-02-26T09:24:41.870Z  INFO 1304201 --- [Texit] [           main] o.s.o.j.p.SpringPersistenceUnitInfo      : No LoadTimeWeaver setup: ignoring JPA class transformer
2026-02-26T09:24:41.900Z  INFO 1304201 --- [Texit] [           main] com.zaxxer.hikari.HikariDataSource       : HikariPool-1 - Starting...
2026-02-26T09:24:42.165Z  INFO 1304201 --- [Texit] [           main] com.zaxxer.hikari.pool.HikariPool        : HikariPool-1 - Added connection conn0: url=jdbc:h2:file:./data/texitdb user=SA
2026-02-26T09:24:42.167Z  INFO 1304201 --- [Texit] [           main] com.zaxxer.hikari.HikariDataSource       : HikariPool-1 - Start completed.
2026-02-26T09:24:42.195Z  WARN 1304201 --- [Texit] [           main] org.hibernate.orm.deprecation            : HHH90000025: H2Dialect does not need to be specified explicitly using 'hibernate.dialect' (remove the property setting and it will be selected by default)
2026-02-26T09:24:42.219Z  INFO 1304201 --- [Texit] [           main] org.hibernate.orm.connections.pooling    : HHH10001005: Database info:
	Database JDBC URL [Connecting through datasource 'HikariDataSource (HikariPool-1)']
	Database driver: undefined/unknown
	Database version: 2.3.232
	Autocommit mode: undefined/unknown
	Isolation level: undefined/unknown
	Minimum pool size: undefined/unknown
	Maximum pool size: undefined/unknown
2026-02-26T09:24:43.302Z  INFO 1304201 --- [Texit] [           main] o.h.e.t.j.p.i.JtaPlatformInitiator       : HHH000489: No JTA platform available (set 'hibernate.transaction.jta.platform' to enable JTA platform integration)
2026-02-26T09:24:43.365Z  INFO 1304201 --- [Texit] [           main] j.LocalContainerEntityManagerFactoryBean : Initialized JPA EntityManagerFactory for persistence unit 'default'
2026-02-26T09:24:43.782Z  WARN 1304201 --- [Texit] [           main] JpaBaseConfiguration$JpaWebConfiguration : spring.jpa.open-in-view is enabled by default. Therefore, database queries may be performed during view rendering. Explicitly configure spring.jpa.open-in-view to disable this warning
2026-02-26T09:24:43.806Z  INFO 1304201 --- [Texit] [           main] r$InitializeUserDetailsManagerConfigurer : Global AuthenticationManager configured with UserDetailsService bean with name userDetailsService
2026-02-26T09:24:43.932Z  INFO 1304201 --- [Texit] [           main] o.s.b.a.w.s.WelcomePageHandlerMapping    : Adding welcome page: class path resource [static/index.html]
2026-02-26T09:24:44.028Z DEBUG 1304201 --- [Texit] [           main] s.w.s.m.m.a.RequestMappingHandlerMapping : 12 mappings in 'requestMappingHandlerMapping'
2026-02-26T09:24:44.174Z DEBUG 1304201 --- [Texit] [           main] o.s.w.s.handler.SimpleUrlHandlerMapping  : Patterns [/webjars/**, /**] in 'resourceHandlerMapping'
2026-02-26T09:24:44.414Z DEBUG 1304201 --- [Texit] [           main] s.w.s.m.m.a.RequestMappingHandlerAdapter : ControllerAdvice beans: 0 @ModelAttribute, 0 @InitBinder, 1 RequestBodyAdvice, 1 ResponseBodyAdvice
2026-02-26T09:24:44.469Z DEBUG 1304201 --- [Texit] [           main] .m.m.a.ExceptionHandlerExceptionResolver : ControllerAdvice beans: 0 @ExceptionHandler, 1 ResponseBodyAdvice
2026-02-26T09:24:44.504Z  INFO 1304201 --- [Texit] [           main] o.s.b.a.h2.H2ConsoleAutoConfiguration    : H2 console available at '/h2-console'. Database available at 'jdbc:h2:file:./data/texitdb'
2026-02-26T09:24:44.587Z  INFO 1304201 --- [Texit] [           main] o.s.b.w.embedded.tomcat.TomcatWebServer  : Tomcat started on port 8000 (http) with context path '/'
2026-02-26T09:24:44.597Z  INFO 1304201 --- [Texit] [           main] site.meowcat.texit.TexitApplication      : Started TexitApplication in 5.853 seconds (process running for 6.214)
2026-02-26T09:24:56.454Z  INFO 1304201 --- [Texit] [nio-8000-exec-1] o.a.c.c.C.[Tomcat].[localhost].[/]       : Initializing Spring DispatcherServlet 'dispatcherServlet'
2026-02-26T09:24:56.454Z  INFO 1304201 --- [Texit] [nio-8000-exec-1] o.s.web.servlet.DispatcherServlet        : Initializing Servlet 'dispatcherServlet'
2026-02-26T09:24:56.455Z DEBUG 1304201 --- [Texit] [nio-8000-exec-1] o.s.web.servlet.DispatcherServlet        : Detected StandardServletMultipartResolver
2026-02-26T09:24:56.456Z DEBUG 1304201 --- [Texit] [nio-8000-exec-1] o.s.web.servlet.DispatcherServlet        : Detected AcceptHeaderLocaleResolver
2026-02-26T09:24:56.456Z DEBUG 1304201 --- [Texit] [nio-8000-exec-1] o.s.web.servlet.DispatcherServlet        : Detected FixedThemeResolver
2026-02-26T09:24:56.459Z DEBUG 1304201 --- [Texit] [nio-8000-exec-1] o.s.web.servlet.DispatcherServlet        : Detected org.springframework.web.servlet.view.DefaultRequestToViewNameTranslator@7962a364
2026-02-26T09:24:56.460Z DEBUG 1304201 --- [Texit] [nio-8000-exec-1] o.s.web.servlet.DispatcherServlet        : Detected org.springframework.web.servlet.support.SessionFlashMapManager@6fb51e17
2026-02-26T09:24:56.461Z DEBUG 1304201 --- [Texit] [nio-8000-exec-1] o.s.web.servlet.DispatcherServlet        : enableLoggingRequestDetails='false': request parameters and headers will be masked to prevent unsafe logging of potentially sensitive data
2026-02-26T09:24:56.461Z  INFO 1304201 --- [Texit] [nio-8000-exec-1] o.s.web.servlet.DispatcherServlet        : Completed initialization in 6 ms
2026-02-26T09:27:49.565Z DEBUG 1304201 --- [Texit] [nio-8000-exec-2] org.hibernate.SQL                        : select u1_0.id,u1_0.password,u1_0.role,u1_0.username from app_users u1_0 where u1_0.username=?
Hibernate: select u1_0.id,u1_0.password,u1_0.role,u1_0.username from app_users u1_0 where u1_0.username=?
2026-02-26T09:27:49.725Z DEBUG 1304201 --- [Texit] [nio-8000-exec-2] o.s.web.servlet.DispatcherServlet        : POST "/api/votes/post/4", parameters={}
2026-02-26T09:27:49.727Z DEBUG 1304201 --- [Texit] [nio-8000-exec-2] s.w.s.m.m.a.RequestMappingHandlerMapping : Mapped to site.meowcat.texit.backend.controller.VoteController#vote(Long, VoteRequest, UserDetails)
2026-02-26T09:27:49.832Z DEBUG 1304201 --- [Texit] [nio-8000-exec-2] m.m.a.RequestResponseBodyMethodProcessor : Read "application/json;charset=UTF-8" to [site.meowcat.texit.backend.controller.VoteController$VoteRequest@6f24b1a0]
2026-02-26T09:27:49.855Z DEBUG 1304201 --- [Texit] [nio-8000-exec-2] org.hibernate.SQL                        : select p1_0.id,p1_0.author_id,a1_0.id,a1_0.password,a1_0.role,a1_0.username,p1_0.body,p1_0.created_at,p1_0.title,p1_0.votes from app_posts p1_0 join app_users a1_0 on a1_0.id=p1_0.author_id where p1_0.id=?
Hibernate: select p1_0.id,p1_0.author_id,a1_0.id,a1_0.password,a1_0.role,a1_0.username,p1_0.body,p1_0.created_at,p1_0.title,p1_0.votes from app_posts p1_0 join app_users a1_0 on a1_0.id=p1_0.author_id where p1_0.id=?
2026-02-26T09:27:49.863Z DEBUG 1304201 --- [Texit] [nio-8000-exec-2] org.hibernate.SQL                        : select u1_0.id,u1_0.password,u1_0.role,u1_0.username from app_users u1_0 where u1_0.username=?
Hibernate: select u1_0.id,u1_0.password,u1_0.role,u1_0.username from app_users u1_0 where u1_0.username=?
2026-02-26T09:27:49.882Z DEBUG 1304201 --- [Texit] [nio-8000-exec-2] org.hibernate.SQL                        : select v1_0.id,v1_0.post_id,v1_0.user_id,v1_0.vote_value from app_votes v1_0 where v1_0.post_id=? and v1_0.user_id=?
Hibernate: select v1_0.id,v1_0.post_id,v1_0.user_id,v1_0.vote_value from app_votes v1_0 where v1_0.post_id=? and v1_0.user_id=?
2026-02-26T09:27:49.887Z  INFO 1304201 --- [Texit] [nio-8000-exec-2] s.m.texit.backend.service.VoteService    : User testuser2 is voting -1 on post 4
2026-02-26T09:27:49.902Z DEBUG 1304201 --- [Texit] [nio-8000-exec-2] org.hibernate.SQL                        : update app_posts set author_id=?,body=?,created_at=?,title=?,votes=? where id=?
Hibernate: update app_posts set author_id=?,body=?,created_at=?,title=?,votes=? where id=?
2026-02-26T09:27:49.910Z DEBUG 1304201 --- [Texit] [nio-8000-exec-2] org.hibernate.SQL                        : update app_votes set post_id=?,user_id=?,vote_value=? where id=?
Hibernate: update app_votes set post_id=?,user_id=?,vote_value=? where id=?
2026-02-26T09:27:49.922Z DEBUG 1304201 --- [Texit] [nio-8000-exec-2] m.m.a.RequestResponseBodyMethodProcessor : Using 'application/json', given [*/*] and supported [application/json, application/*+json]
2026-02-26T09:27:49.923Z DEBUG 1304201 --- [Texit] [nio-8000-exec-2] m.m.a.RequestResponseBodyMethodProcessor : Nothing to write: null body
2026-02-26T09:27:49.925Z DEBUG 1304201 --- [Texit] [nio-8000-exec-2] o.s.web.servlet.DispatcherServlet        : Completed 200 OK
2026-02-26T09:27:50.992Z DEBUG 1304201 --- [Texit] [nio-8000-exec-4] org.hibernate.SQL                        : select u1_0.id,u1_0.password,u1_0.role,u1_0.username from app_users u1_0 where u1_0.username=?
Hibernate: select u1_0.id,u1_0.password,u1_0.role,u1_0.username from app_users u1_0 where u1_0.username=?
2026-02-26T09:27:51.086Z DEBUG 1304201 --- [Texit] [nio-8000-exec-4] o.s.web.servlet.DispatcherServlet        : GET "/api/posts/4", parameters={}
2026-02-26T09:27:51.086Z DEBUG 1304201 --- [Texit] [nio-8000-exec-4] s.w.s.m.m.a.RequestMappingHandlerMapping : Mapped to site.meowcat.texit.backend.controller.PostController#getPost(Long)
2026-02-26T09:27:51.088Z DEBUG 1304201 --- [Texit] [nio-8000-exec-4] org.hibernate.SQL                        : select p1_0.id,p1_0.author_id,a1_0.id,a1_0.password,a1_0.role,a1_0.username,p1_0.body,p1_0.created_at,p1_0.title,p1_0.votes from app_posts p1_0 join app_users a1_0 on a1_0.id=p1_0.author_id where p1_0.id=?
Hibernate: select p1_0.id,p1_0.author_id,a1_0.id,a1_0.password,a1_0.role,a1_0.username,p1_0.body,p1_0.created_at,p1_0.title,p1_0.votes from app_posts p1_0 join app_users a1_0 on a1_0.id=p1_0.author_id where p1_0.id=?
2026-02-26T09:27:51.108Z DEBUG 1304201 --- [Texit] [nio-8000-exec-4] m.m.a.RequestResponseBodyMethodProcessor : Using 'application/json', given [*/*] and supported [application/json, application/*+json]
2026-02-26T09:27:51.109Z DEBUG 1304201 --- [Texit] [nio-8000-exec-4] m.m.a.RequestResponseBodyMethodProcessor : Writing [site.meowcat.texit.backend.model.Post@7c3ae534]
2026-02-26T09:27:51.123Z DEBUG 1304201 --- [Texit] [nio-8000-exec-4] o.s.web.servlet.DispatcherServlet        : Completed 200 OK
2026-02-26T09:31:40.809Z  INFO 1304201 --- [Texit] [ionShutdownHook] o.s.b.w.e.tomcat.GracefulShutdown        : Commencing graceful shutdown. Waiting for active requests to complete
2026-02-26T09:31:40.837Z  INFO 1304201 --- [Texit] [tomcat-shutdown] o.s.b.w.e.tomcat.GracefulShutdown        : Graceful shutdown complete
2026-02-26T09:31:40.847Z  INFO 1304201 --- [Texit] [ionShutdownHook] j.LocalContainerEntityManagerFactoryBean : Closing JPA EntityManagerFactory for persistence unit 'default'
2026-02-26T09:31:40.852Z  INFO 1304201 --- [Texit] [ionShutdownHook] com.zaxxer.hikari.HikariDataSource       : HikariPool-1 - Shutdown initiated...
2026-02-26T09:31:40.857Z  INFO 1304201 --- [Texit] [ionShutdownHook] com.zaxxer.hikari.HikariDataSource       : HikariPool-1 - Shutdown completed.
